mpv v0.41.0 Copyright © 2000-2025 mpv/MPlayer/mplayer2 projects
 built on Feb 11 2026 22:07:06
libplacebo version: v7.360.1
FFmpeg version: n8.0.1 (runtime n8.1)
FFmpeg library versions:
   libavcodec      62.11.100 (runtime 62.28.100)
   libavdevice     62.1.100 (runtime 62.3.100)
   libavfilter     11.4.100 (runtime 11.14.100)
   libavformat     62.3.100 (runtime 62.12.100)
   libavutil       60.8.100 (runtime 60.26.100)
   libswresample   6.1.100 (runtime 6.3.100)
   libswscale      9.1.100 (runtime 9.5.100)
Usage:   mpv [options] [url|path/]filename

Basic options:
 --start=<time>    seek to given (percent, seconds, or hh:mm:ss) position
 --no-audio        do not play sound
 --no-video        do not play video
 --fs              fullscreen playback
 --sub-file=<file> specify subtitle file to use
 --playlist=<file> specify playlist file

 --list-options    list all mpv options
 --h=<string>      print options which contain the given string in their name
